\BOOKMARK [0][-]{toc.0}{\376\377\166\356\137\125}{}% 1
\BOOKMARK [0][-]{chapter*.3}{\376\377\173\046\123\367\210\150}{}% 2
\BOOKMARK [0][-]{chapter.1}{\376\377\173\054\0001\172\340\000\040\121\150\176\257\121\375\145\160}{}% 3
\BOOKMARK [1][-]{section.1.1}{\376\377\0001\000.\0001\000\040\133\232\116\111\000,\000\040\127\372\147\054\140\047\215\050}{chapter.1}% 4
\BOOKMARK [2][-]{subsection.1.1.1}{\376\377\0001\000.\0001\000.\0001\000\040\131\015\153\047\137\017\172\172\225\364}{section.1.1}% 5
\BOOKMARK [2][-]{subsection.1.1.2}{\376\377\0001\000.\0001\000.\0002\000\040\121\150\176\257\121\375\145\160}{section.1.1}% 6
\BOOKMARK [2][-]{subsection.1.1.3}{\376\377\0001\000.\0001\000.\0003\000\040\000C\000a\000u\000y\000c\000h\000y\171\357\122\006\121\154\137\017}{section.1.1}% 7
\BOOKMARK [2][-]{subsection.1.1.4}{\376\377\0001\000.\0001\000.\0004\000\040\000H\000a\000r\000t\000o\000g\000s\136\366\142\323\163\260\214\141}{section.1.1}% 8
\BOOKMARK [1][-]{section.1.2}{\376\377\0001\000.\0002\000\040\121\150\176\257\146\040\134\004}{chapter.1}% 9
\BOOKMARK [1][-]{section.1.3}{\376\377\0001\000.\0003\000\040\226\366\160\271\124\214\147\201\160\271}{chapter.1}% 10
\BOOKMARK [0][-]{chapter.2}{\376\377\173\054\0002\172\340\000\040\131\032\153\041\214\003\124\214\121\375\145\160}{}% 11
\BOOKMARK [1][-]{section.2.1}{\376\377\0002\000.\0001\000\040\116\012\123\112\217\336\176\355\121\375\145\160}{chapter.2}% 12
\BOOKMARK [1][-]{section.2.2}{\376\377\0002\000.\0002\000\040\153\041\214\003\124\214\121\375\145\160}{chapter.2}% 13
\BOOKMARK [1][-]{section.2.3}{\376\377\0002\000.\0003\000\040\131\032\153\041\214\003\124\214\121\375\145\160}{chapter.2}% 14
\BOOKMARK [1][-]{section.2.4}{\376\377\0002\000.\0004\000\040\131\032\153\041\214\003\124\214\121\375\145\160\166\204\136\224\165\050}{chapter.2}% 15
\BOOKMARK [0][-]{chapter.3}{\376\377\173\054\0003\172\340\000\040\142\337\121\370\127\337}{}% 16
\BOOKMARK [1][-]{section.3.1}{\376\377\0003\000.\0001\000\040\142\337\121\370\127\337}{chapter.3}% 17
\BOOKMARK [1][-]{section.3.2}{\376\377\0003\000.\0002\000\040\000L\000e\000v\000i\000\040\142\337\121\370\140\047}{chapter.3}% 18
\BOOKMARK [1][-]{section.3.3}{\376\377\0003\000.\0003\000\040\137\072\142\337\121\370\127\337}{chapter.3}% 19
\BOOKMARK [0][-]{chapter.4}{\376\377\173\054\0004\172\340\000\040\121\150\176\257\121\370\127\337\116\016\121\150\176\257\127\337}{}% 20
\BOOKMARK [1][-]{section.4.1}{\376\377\0004\000.\0001\000\040\121\150\176\257\121\370\140\047}{chapter.4}% 21
